[33m>[39m Building...
[32mΓêÜ[39m Building...
[1mInitial chunk files[22m[2m | [22m[1mNames[22m        [2m | [22m [1mRaw size[22m
[32mchunk-5GK6PPC2.js[39m  [2m | [22m[2m-[22m            [2m | [22m  [36m1.35 MB[39m[2m | [22m
[32mchunk-5VHFS46W.js[39m  [2m | [22m[2m-[22m            [2m | [22m[36m445.41 kB[39m[2m | [22m
[32mstyles.css[39m         [2m | [22m[2mstyles[22m       [2m | [22m[36m411.75 kB[39m[2m | [22m
[32mchunk-5DIDE6QH.js[39m  [2m | [22m[2m-[22m            [2m | [22m[36m247.19 kB[39m[2m | [22m
[32mmain.js[39m            [2m | [22m[2mmain[22m         [2m | [22m[36m231.46 kB[39m[2m | [22m
[32mchunk-GQCHKTTC.js[39m  [2m | [22m[2m-[22m            [2m | [22m[36m228.49 kB[39m[2m | [22m
[32mchunk-QFH2WU5K.js[39m  [2m | [22m[2m-[22m            [2m | [22m[36m219.88 kB[39m[2m | [22m
[32mscripts.js[39m         [2m | [22m[2mscripts[22m      [2m | [22m[36m107.73 kB[39m[2m | [22m
[32mpolyfills.js[39m       [2m | [22m[2mpolyfills[22m    [2m | [22m [36m89.77 kB[39m[2m | [22m
[32mchunk-RKFHQKAN.js[39m  [2m | [22m[2m-[22m            [2m | [22m [36m41.23 kB[39m[2m | [22m
[32mchunk-BAIBTZSK.js[39m  [2m | [22m[2m-[22m            [2m | [22m [36m28.28 kB[39m[2m | [22m
[32mchunk-CTISG3LZ.js[39m  [2m | [22m[2m-[22m            [2m | [22m [36m26.73 kB[39m[2m | [22m
[32mchunk-WAE6OGVQ.js[39m  [2m | [22m[2m-[22m            [2m | [22m [36m22.96 kB[39m[2m | [22m
[32mchunk-DJYWIRLI.js[39m  [2m | [22m[2m-[22m            [2m | [22m [36m21.92 kB[39m[2m | [22m
[32mchunk-46LGZWXS.js[39m  [2m | [22m[2m-[22m            [2m | [22m [36m12.87 kB[39m[2m | [22m
[32mchunk-YGVR7QEQ.js[39m  [2m | [22m[2m-[22m            [2m | [22m  [36m8.44 kB[39m[2m | [22m
[32mchunk-2KKHODXK.js[39m  [2m | [22m[2m-[22m            [2m | [22m  [36m8.07 kB[39m[2m | [22m
[32mchunk-7N32J5SZ.js[39m  [2m | [22m[2m-[22m            [2m | [22m  [36m4.58 kB[39m[2m | [22m
[32mchunk-JQCFJEZG.js[39m  [2m | [22m[2m-[22m            [2m | [22m  [36m4.07 kB[39m[2m | [22m
[32mchunk-JX6AJYY4.js[39m  [2m | [22m[2m-[22m            [2m | [22m  [36m3.90 kB[39m[2m | [22m
[32mchunk-NG5T6CRX.js[39m  [2m | [22m[2m-[22m            [2m | [22m  [36m3.81 kB[39m[2m | [22m
[32mchunk-RGHRI6W7.js[39m  [2m | [22m[2m-[22m            [2m | [22m[36m497 bytes[39m[2m | [22m

[1m [22m                  [2m | [22m[1mInitial total[22m[2m | [22m  [1m3.52 MB[22m

[1mLazy chunk files[22m   [2m | [22m[1mNames[22m        [2m | [22m [1mRaw size[22m
[32mchunk-3QNJN7RL.js[39m  [2m | [22m[2m-[22m            [2m | [22m  [36m2.03 MB[39m[2m | [22m
[32mchunk-A4HLPC2Z.js[39m  [2m | [22m[2m-[22m            [2m | [22m[36m423.33 kB[39m[2m | [22m
[32mchunk-IP2XVF6S.js[39m  [2m | [22m[2mmeta-routes[22m  [2m | [22m[36m306.06 kB[39m[2m | [22m
[32mchunk-45M46ME7.js[39m  [2m | [22m[2m-[22m            [2m | [22m[36m266.77 kB[39m[2m | [22m
[32mchunk-Q73P7BYN.js[39m  [2m | [22m[2m-[22m            [2m | [22m[36m265.39 kB[39m[2m | [22m
[32mchunk-6XJEQUWH.js[39m  [2m | [22m[2mdoc-page[22m     [2m | [22m[36m230.00 kB[39m[2m | [22m
[32mchunk-EMLCAHXQ.js[39m  [2m | [22m[2m-[22m            [2m | [22m[36m220.62 kB[39m[2m | [22m
[32mchunk-74FRZN4P.js[39m  [2m | [22m[2mnote-page[22m    [2m | [22m[36m182.62 kB[39m[2m | [22m
[32mchunk-NEBTU5IJ.js[39m  [2m | [22m[2mchat[22m         [2m | [22m[36m149.99 kB[39m[2m | [22m
[32mchunk-ASTI5WIK.js[39m  [2m | [22m[2mchat[22m         [2m | [22m[36m149.55 kB[39m[2m | [22m
[32mchunk-KNEZUFAX.js[39m  [2m | [22m[2msheet-page[22m   [2m | [22m[36m144.71 kB[39m[2m | [22m
[32mchunk-LWOMUDJV.js[39m  [2m | [22m[2mtemplate[22m     [2m | [22m[36m139.80 kB[39m[2m | [22m
[32mchunk-QLQZ3CZJ.js[39m  [2m | [22m[2mtemplate[22m     [2m | [22m[36m139.08 kB[39m[2m | [22m
[32mchunk-J37TOKM3.js[39m  [2m | [22m[2m-[22m            [2m | [22m[36m132.71 kB[39m[2m | [22m
[32mchunk-YQOH3FTM.js[39m  [2m | [22m[2mindex[22m        [2m | [22m[36m129.17 kB[39m[2m | [22m
[2m...and 42 more lazy chunks files. Use "--verbose" to show all the files.[22m

Application bundle generation complete. [16.390 seconds] - 2026-06-02T13:50:28.297Z

Output location: C:\Users\micro\Documents\Quilix\dist\Quilix

